###############################################################################
#
# IAR ELF Linker V7.20.5.7591/W32 for ARM                 16/Feb/2021  08:55:26
# Copyright 2007-2014 IAR Systems AB.
#
#    Output file  =  D:\XCUBE\TS7735\EWARM\TS7735\Exe\TS7735.out
#    Map file     =  D:\XCUBE\TS7735\EWARM\TS7735/List\TS7735.map
#    Command line =  
#        D:\XCUBE\TS7735\EWARM\TS7735\Obj\fonts.o
#        D:\XCUBE\TS7735\EWARM\TS7735\Obj\main.o
#        D:\XCUBE\TS7735\EWARM\TS7735\Obj\st7735.o
#        D:\XCUBE\TS7735\EWARM\TS7735\Obj\startup_stm32l053xx.o
#        D:\XCUBE\TS7735\EWARM\TS7735\Obj\stm32l0xx_hal.o
#        D:\XCUBE\TS7735\EWARM\TS7735\Obj\stm32l0xx_hal_cortex.o
#        D:\XCUBE\TS7735\EWARM\TS7735\Obj\stm32l0xx_hal_dma.o
#        D:\XCUBE\TS7735\EWARM\TS7735\Obj\stm32l0xx_hal_flash.o
#        D:\XCUBE\TS7735\EWARM\TS7735\Obj\stm32l0xx_hal_flash_ex.o
#        D:\XCUBE\TS7735\EWARM\TS7735\Obj\stm32l0xx_hal_flash_ramfunc.o
#        D:\XCUBE\TS7735\EWARM\TS7735\Obj\stm32l0xx_hal_gpio.o
#        D:\XCUBE\TS7735\EWARM\TS7735\Obj\stm32l0xx_hal_i2c.o
#        D:\XCUBE\TS7735\EWARM\TS7735\Obj\stm32l0xx_hal_i2c_ex.o
#        D:\XCUBE\TS7735\EWARM\TS7735\Obj\stm32l0xx_hal_msp.o
#        D:\XCUBE\TS7735\EWARM\TS7735\Obj\stm32l0xx_hal_pwr.o
#        D:\XCUBE\TS7735\EWARM\TS7735\Obj\stm32l0xx_hal_pwr_ex.o
#        D:\XCUBE\TS7735\EWARM\TS7735\Obj\stm32l0xx_hal_rcc.o
#        D:\XCUBE\TS7735\EWARM\TS7735\Obj\stm32l0xx_hal_rcc_ex.o
#        D:\XCUBE\TS7735\EWARM\TS7735\Obj\stm32l0xx_hal_spi.o
#        D:\XCUBE\TS7735\EWARM\TS7735\Obj\stm32l0xx_hal_tim.o
#        D:\XCUBE\TS7735\EWARM\TS7735\Obj\stm32l0xx_hal_tim_ex.o
#        D:\XCUBE\TS7735\EWARM\TS7735\Obj\stm32l0xx_it.o
#        D:\XCUBE\TS7735\EWARM\TS7735\Obj\system_stm32l0xx.o --redirect
#        _Printf=_PrintfFull --redirect _Scanf=_ScanfFull -o
#        D:\XCUBE\TS7735\EWARM\TS7735\Exe\TS7735.out --map
#        D:\XCUBE\TS7735\EWARM\TS7735/List\TS7735.map --config
#        D:\XCUBE\TS7735\EWARM/stm32l053xx_flash.icf --semihosting --entry
#        __iar_program_start --vfe
#
###############################################################################

*******************************************************************************
*** RUNTIME MODEL ATTRIBUTES
***

CppFlavor                     = *
__Heap_Handler                = Basic
__SystemLibrary               = DLib
__dlib_dynamic_initialization = normal


*******************************************************************************
*** PLACEMENT SUMMARY
***

"A1":  place at 0x08000000 { ro section .intvec };
"P1":  place in [from 0x08000000 to 0x0800ffff] { ro };
"P2":  place in [from 0x20000000 to 0x20001fff] { rw, block CSTACK, block HEAP };

  Section             Kind        Address    Size  Object
  -------             ----        -------    ----  ------
"A1":                                        0xc0
  .intvec             ro code  0x08000000    0xc0  startup_stm32l053xx.o [1]
                             - 0x080000c0    0xc0

"P1":                                      0x4c7c
  .rodata             const    0x080000c0  0x134c  fonts.o [1]
  .text               ro code  0x0800140c  0x12c2  xprintffull.o [3]
  .text               ro code  0x080026ce    0x1c  xmbtowc.o [3]
  .text               ro code  0x080026ea    0x14  strchr.o [5]
  .text               ro code  0x080026fe    0x10  strlen.o [5]
  .text               ro code  0x0800270e    0x18  memchr.o [5]
  .text               ro code  0x08002726     0xa  xmbcurmax.o [3]
  .text               ro code  0x08002730    0xb8  xxmemxmalloc.o [3]
  .text               ro code  0x080027e8    0x18  xwctomb.o [3]
  .text               ro code  0x08002800    0x5c  ABImemcpy.o [5]
  .text               ro code  0x0800285c    0x88  xxmemxfree.o [3]
  .text               ro code  0x080028e4    0x6a  I64DivMod.o [5]
  .text               ro code  0x0800294e    0x44  xdnorm.o [4]
  .text               ro code  0x08002992    0x32  DblCmpLe.o [4]
  .text               ro code  0x080029c4    0x32  DblCmpGe.o [4]
  .text               ro code  0x080029f6    0x2a  zero_init3.o [5]
  .text               ro code  0x08002a20   0x11c  xdscale.o [4]
  .text               ro code  0x08002b3c    0x52  DblToI32.o [4]
  .text               ro code  0x08002b8e     0xa  xsprout.o [3]
  .text               ro code  0x08002b98    0x34  I32ToDbl.o [4]
  .text               ro code  0x08002bcc   0x1a8  DblAddSub.o [4]
  .text               ro code  0x08002d74    0xe0  I32DivModFast.o [5]
  .text               ro code  0x08002e54   0x184  DblMul.o [4]
  .text               ro code  0x08002fd8    0xc2  DblDiv.o [4]
  .text               ro code  0x0800309a     0x2  startup_stm32l053xx.o [1]
  .text               ro code  0x0800309c    0x68  localeconv.o [3]
  .text               ro code  0x08003104    0x20  div.o [3]
  .text               ro code  0x08003124    0x14  setlocale.o [3]
  .text               ro code  0x08003138    0x50  xencoding_sb.o [3]
  .text               ro code  0x08003188    0x2c  xgetmemchunk.o [3]
  .text               ro code  0x080031b4     0x2  I64DivZer.o [5]
  .text               ro code  0x080031b6     0x2  startup_stm32l053xx.o [1]
  .text               ro code  0x080031b8     0x2  IntDivZer.o [5]
  .text               ro code  0x080031ba     0x2  xtls.o [3]
  .text               ro code  0x080031bc   0x8c8  stm32l0xx_hal_rcc.o [1]
  .text               ro code  0x08003a84    0xbc  stm32l0xx_hal.o [1]
  .text               ro code  0x08003b40    0xc4  stm32l0xx_hal_msp.o [1]
  .text               ro code  0x08003c04    0xf0  stm32l0xx_hal_cortex.o [1]
  .text               ro code  0x08003cf4    0x34  ABImemset.o [5]
  .text               ro code  0x08003d28   0x218  stm32l0xx_hal_gpio.o [1]
  .text               ro code  0x08003f40   0x38c  st7735.o [1]
  .text               ro code  0x080042cc   0x360  stm32l0xx_hal_spi.o [1]
  .text               ro code  0x0800462c   0x382  main.o [1]
  .text               ro code  0x080049ae     0x2  startup_stm32l053xx.o [1]
  .text               ro code  0x080049b0    0x38  sprintf.o [3]
  .text               ro code  0x080049e8    0xd8  packbits_init.o [5]
  .text               ro code  0x08004ac0     0xa  abort.o [3]
  .text               ro code  0x08004aca     0x2  startup_stm32l053xx.o [1]
  .text               ro code  0x08004acc    0x14  exit.o [6]
  .text               ro code  0x08004ae0    0x80  system_stm32l0xx.o [1]
  .rodata             const    0x08004b60    0x3c  st7735.o [1]
  .rodata             const    0x08004b9c    0x2c  st7735.o [1]
  .rodata             const    0x08004bc8    0x28  xprintffull.o [3]
  .text               ro code  0x08004bf0    0x28  data_init.o [5]
  .iar.init_table     const    0x08004c18    0x2c  - Linker created -
  .text               ro code  0x08004c44    0x1a  cmain.o [5]
  .text               ro code  0x08004c5e     0x4  low_level_init.o [3]
  .text               ro code  0x08004c62     0x8  exit.o [3]
  .text               ro code  0x08004c6a     0x2  startup_stm32l053xx.o [1]
  .text               ro code  0x08004c6c     0xa  cexit.o [5]
  .text               ro code  0x08004c76    0x12  stm32l0xx_it.o [1]
  .rodata             const    0x08004c88    0x10  st7735.o [1]
  .rodata             const    0x08004c98    0x10  system_stm32l0xx.o [1]
  .text               ro code  0x08004ca8    0x10  startup_stm32l053xx.o [1]
  .rodata             const    0x08004cb8     0xc  main.o [1]
  .rodata             const    0x08004cc4     0xc  main.o [1]
  .rodata             const    0x08004cd0     0xc  main.o [1]
  .rodata             const    0x08004cdc     0xc  system_stm32l0xx.o [1]
  .text               ro code  0x08004ce8     0xc  cstartup_M.o [5]
  .text               ro code  0x08004cf4     0x2  startup_stm32l053xx.o [1]
  .text               ro code  0x08004cf6     0x2  startup_stm32l053xx.o [1]
  .text               ro code  0x08004cf8     0x2  startup_stm32l053xx.o [1]
  .text               ro code  0x08004cfa     0x2  startup_stm32l053xx.o [1]
  .text               ro code  0x08004cfc     0x2  startup_stm32l053xx.o [1]
  .text               ro code  0x08004cfe     0x2  startup_stm32l053xx.o [1]
  .text               ro code  0x08004d00     0x2  startup_stm32l053xx.o [1]
  .text               ro code  0x08004d02     0x2  startup_stm32l053xx.o [1]
  .text               ro code  0x08004d04     0x2  startup_stm32l053xx.o [1]
  .text               ro code  0x08004d06     0x2  startup_stm32l053xx.o [1]
  .text               ro code  0x08004d08     0x2  startup_stm32l053xx.o [1]
  .text               ro code  0x08004d0a     0x2  startup_stm32l053xx.o [1]
  .text               ro code  0x08004d0c     0x2  startup_stm32l053xx.o [1]
  .text               ro code  0x08004d0e     0x2  startup_stm32l053xx.o [1]
  .text               ro code  0x08004d10     0x2  startup_stm32l053xx.o [1]
  .text               ro code  0x08004d12     0x2  startup_stm32l053xx.o [1]
  .text               ro code  0x08004d14     0x2  startup_stm32l053xx.o [1]
  .text               ro code  0x08004d16     0x2  startup_stm32l053xx.o [1]
  .text               ro code  0x08004d18     0x2  startup_stm32l053xx.o [1]
  .text               ro code  0x08004d1a     0x2  startup_stm32l053xx.o [1]
  .text               ro code  0x08004d1c     0x2  startup_stm32l053xx.o [1]
  .text               ro code  0x08004d1e     0x2  startup_stm32l053xx.o [1]
  .rodata             const    0x08004d20     0x0  zero_init3.o [5]
  .rodata             const    0x08004d20     0x0  packbits_init.o [5]
  Initializer bytes   ro data  0x08004d20    0x1c  <for P2 s0>
                             - 0x08004d3c  0x4c7c

"P2":                                       0x788
  P2 s0                        0x20000000   0x10d  <Init block>
    __DLIB_PERTHREAD  inited   0x20000000    0x88  localeconv.o [3]
    __DLIB_PERTHREAD  inited   0x20000088    0x74  setlocale.o [3]
    .data             inited   0x200000fc     0x8  fonts.o [1]
    .data             inited   0x20000104     0x4  stm32l0xx_hal.o [1]
    .data             inited   0x20000108     0x4  system_stm32l0xx.o [1]
    .data             inited   0x2000010c     0x1  stm32l0xx_hal.o [1]
  .bss                zero     0x20000110    0x58  main.o [1]
  .bss                zero     0x20000168     0x8  xxmemxmalloc.o [3]
  .bss                zero     0x20000170     0x4  main.o [1]
  .bss                zero     0x20000174     0x4  main.o [1]
  .bss                zero     0x20000178     0x4  main.o [1]
  .bss                zero     0x2000017c     0x4  stm32l0xx_hal.o [1]
  .bss                zero     0x20000180     0x4  xgetmemchunk.o [3]
  CSTACK                       0x20000188   0x400  <Block>
    CSTACK            uninit   0x20000188   0x400  <Block tail>
  HEAP                         0x20000588   0x200  <Block>
    HEAP              uninit   0x20000588   0x200  <Block tail>
                             - 0x20000788   0x788


*******************************************************************************
*** INIT TABLE
***

          Address     Size
          -------     ----
Zero (__iar_zero_init3)
    1 destination range, total size 0x74:
          0x20000110   0x74

Copy/packbits (__iar_packbits_init3)
    1 source range, total size 0x1c (10% of destination):
          0x08004d20   0x1c
    1 destination range, total size 0x10d:
          0x20000000  0x10d



*******************************************************************************
*** MODULE SUMMARY
***

    Module                  ro code  ro data  rw data
    ------                  -------  -------  -------
D:\XCUBE\TS7735\EWARM\TS7735\Obj: [1]
    fonts.o                            4 941        8
    main.o                      898       36      100
    st7735.o                    908      120
    startup_stm32l053xx.o       262
    stm32l0xx_hal.o             188        1        9
    stm32l0xx_hal_cortex.o      240
    stm32l0xx_hal_gpio.o        536
    stm32l0xx_hal_msp.o         196
    stm32l0xx_hal_rcc.o       2 248
    stm32l0xx_hal_spi.o         864
    stm32l0xx_it.o               18
    system_stm32l0xx.o          128       28        4
    -------------------------------------------------
    Total:                    6 486    5 126      121

command line: [2]
    -------------------------------------------------
    Total:

dl6M_tlf.a: [3]
    abort.o                      10
    div.o                        32
    exit.o                        8
    localeconv.o                104       14      136
    low_level_init.o              4
    setlocale.o                  20       12      116
    sprintf.o                    56
    xencoding_sb.o               80
    xgetmemchunk.o               44                 4
    xmbcurmax.o                  10
    xmbtowc.o                    28
    xprintffull.o             4 802       40
    xsprout.o                    10
    xtls.o                        2
    xwctomb.o                    24
    xxmemxfree.o                136
    xxmemxmalloc.o              184                 8
    -------------------------------------------------
    Total:                    5 554       66      264

m6M_tl.a: [4]
    DblAddSub.o                 424
    DblCmpGe.o                   50
    DblCmpLe.o                   50
    DblDiv.o                    194
    DblMul.o                    388
    DblToI32.o                   82
    I32ToDbl.o                   52
    xdnorm.o                     68
    xdscale.o                   284
    -------------------------------------------------
    Total:                    1 592

rt6M_tl.a: [5]
    ABImemcpy.o                  92
    ABImemset.o                  52
    I32DivModFast.o             224
    I64DivMod.o                 106
    I64DivZer.o                   2
    IntDivZer.o                   2
    cexit.o                      10
    cmain.o                      26
    cstartup_M.o                 12
    data_init.o                  40
    memchr.o                     24
    packbits_init.o             216
    strchr.o                     20
    strlen.o                     16
    zero_init3.o                 42
    -------------------------------------------------
    Total:                      884

shb_l.a: [6]
    exit.o                       20
    -------------------------------------------------
    Total:                       20

    Gaps                                            3
    Linker created                        44    1 536
-----------------------------------------------------
    Grand Total:             14 536    5 236    1 924


*******************************************************************************
*** ENTRY LIST
***

Entry                      Address    Size  Type      Object
-----                      -------    ----  ----      ------
?main                   0x08004c45          Code  Gb  cmain.o [5]
AHBPrescTable           0x08004c98    0x10  Data  Gb  system_stm32l0xx.o [1]
CSTACK$$Base            0x20000188           --   Gb  - Linker created -
CSTACK$$Limit           0x20000588           --   Gb  - Linker created -
Error_Handler           0x080049ad     0x2  Code  Gb  main.o [1]
Font16x26               0x080000c0  0x134c  Data  Lc  fonts.o [1]
Font_16x26              0x200000fc     0x8  Data  Gb  fonts.o [1]
HAL_Delay               0x08003b07    0x26  Code  Wk  stm32l0xx_hal.o [1]
HAL_GPIO_Init           0x08003d29   0x1da  Code  Gb  stm32l0xx_hal_gpio.o [1]
HAL_GPIO_WritePin       0x08003f03    0x14  Code  Gb  stm32l0xx_hal_gpio.o [1]
HAL_GetTick             0x08003b01     0x6  Code  Wk  stm32l0xx_hal.o [1]
HAL_IncTick             0x08003af1    0x10  Code  Wk  stm32l0xx_hal.o [1]
HAL_Init                0x08003a85    0x2a  Code  Gb  stm32l0xx_hal.o [1]
HAL_InitTick            0x08003aaf    0x42  Code  Wk  stm32l0xx_hal.o [1]
HAL_MspInit             0x08003b41    0x1c  Code  Gb  stm32l0xx_hal_msp.o [1]
HAL_NVIC_SetPriority    0x08003cc1    0x14  Code  Gb  stm32l0xx_hal_cortex.o [1]
HAL_RCC_ClockConfig     0x080037d5   0x1be  Code  Gb  stm32l0xx_hal_rcc.o [1]
HAL_RCC_GetSysClockFreq
                        0x080039a9    0xac  Code  Gb  stm32l0xx_hal_rcc.o [1]
HAL_RCC_OscConfig       0x080031bd   0x5f4  Code  Gb  stm32l0xx_hal_rcc.o [1]
HAL_SPI_Init            0x080042cd    0x90  Code  Gb  stm32l0xx_hal_spi.o [1]
HAL_SPI_MspInit         0x08003b5d    0x94  Code  Gb  stm32l0xx_hal_msp.o [1]
HAL_SPI_Transmit        0x08004361   0x1c6  Code  Gb  stm32l0xx_hal_spi.o [1]
HAL_SYSTICK_Config      0x08003cd5     0xc  Code  Gb  stm32l0xx_hal_cortex.o [1]
HEAP$$Base              0x20000588           --   Gb  - Linker created -
HEAP$$Limit             0x20000788           --   Gb  - Linker created -
HardFault_Handler       0x08004c79     0x4  Code  Gb  stm32l0xx_it.o [1]
InStream_Read           0x080049e9    0x22  Code  Lc  packbits_init.o [5]
LoadInt                 0x08001a6d    0x68  Code  Lc  xprintffull.o [3]
MX_GPIO_Init            0x08004881    0xea  Code  Lc  main.o [1]
MX_SPI1_Init            0x0800481d    0x60  Code  Lc  main.o [1]
NMI_Handler             0x08004c77     0x2  Code  Gb  stm32l0xx_it.o [1]
NVIC_SetPriority        0x08003c05    0x8a  Code  Lc  stm32l0xx_hal_cortex.o [1]
PLLMulTable             0x08004cdc     0xc  Data  Gb  system_stm32l0xx.o [1]
PendSV_Handler          0x08004c7f     0x2  Code  Gb  stm32l0xx_it.o [1]
Region$$Table$$Base     0x08004c18           --   Gb  - Linker created -
Region$$Table$$Limit    0x08004c44           --   Gb  - Linker created -
SPI_EndRxTxTransaction  0x080045cd    0x5c  Code  Lc  stm32l0xx_hal_spi.o [1]
SPI_WaitFlagStateUntilTimeout
                        0x08004527    0xa6  Code  Lc  stm32l0xx_hal_spi.o [1]
ST7735_ExecuteCommandList
                        0x08003fd1    0x74  Code  Lc  st7735.o [1]
ST7735_FillRectangle    0x080041f3    0xae  Code  Gb  st7735.o [1]
ST7735_FillScreen       0x080042b5    0x18  Code  Gb  st7735.o [1]
ST7735_Init             0x08004099    0x22  Code  Gb  st7735.o [1]
ST7735_Reset            0x08003f65    0x26  Code  Lc  st7735.o [1]
ST7735_Select           0x08003f41    0x12  Code  Lc  st7735.o [1]
ST7735_SetAddressWindow
                        0x08004045    0x54  Code  Lc  st7735.o [1]
ST7735_Unselect         0x08003f53    0x12  Code  Gb  st7735.o [1]
ST7735_WriteChar        0x080040bb    0xbc  Code  Lc  st7735.o [1]
ST7735_WriteCommand     0x08003f8b    0x20  Code  Lc  st7735.o [1]
ST7735_WriteData        0x08003fab    0x26  Code  Lc  st7735.o [1]
ST7735_WriteString      0x08004177    0x7c  Code  Gb  st7735.o [1]
SVC_Handler             0x08004c7d     0x2  Code  Gb  stm32l0xx_it.o [1]
SysTick_Config          0x08003c8f    0x32  Code  Lc  stm32l0xx_hal_cortex.o [1]
SysTick_Handler         0x08004c81     0x8  Code  Gb  stm32l0xx_it.o [1]
SystemClock_Config      0x080047a1    0x7c  Code  Gb  main.o [1]
SystemCoreClock         0x20000108     0x4  Data  Gb  system_stm32l0xx.o [1]
SystemInit              0x08004ae1    0x5a  Code  Gb  system_stm32l0xx.o [1]
_EncodingSb_Mbtowc      0x0800314d    0x2c  Code  Gb  xencoding_sb.o [3]
_EncodingSb_Wctomb      0x08003139    0x14  Code  Gb  xencoding_sb.o [3]
_GenldFull              0x080023c5   0x2d6  Code  Lc  xprintffull.o [3]
_IsdstStr               0x2000008c     0x4  Data  Gb  setlocale.o [3]
_LdtobFull              0x08001f3d   0x474  Code  Lc  xprintffull.o [3]
_LitobFull              0x08001e09   0x12e  Code  Lc  xprintffull.o [3]
_LocaleEncoding         0x08003125     0xc  Code  Gb  setlocale.o [3]
_LocaleReturnString     0x200000ac    0x50  Data  Lc  setlocale.o [3]
_Locale_Profile         0x20000090    0x1c  Data  Gb  setlocale.o [3]
_Locale_aeabi_lconv     0x20000050    0x38  Data  Gb  localeconv.o [3]
_Locale_lconv           0x20000000    0x50  Data  Gb  localeconv.o [3]
_Mbtowc                 0x080026cf    0x1c  Code  Gb  xmbtowc.o [3]
_PrintfFull             0x0800140d   0x660  Code  Gb  xprintffull.o [3]
_PutcharsFull           0x0800269f    0x30  Code  Lc  xprintffull.o [3]
_PutstrFull             0x08001ad5   0x334  Code  Lc  xprintffull.o [3]
_SProut                 0x08002b8f     0xa  Code  Gb  xsprout.o [3]
_TzoneStr               0x20000088     0x4  Data  Gb  setlocale.o [3]
_Wctomb                 0x080027e9    0x18  Code  Gb  xwctomb.o [3]
__aeabi_cdcmple         0x08002993          Code  Gb  DblCmpLe.o [4]
__aeabi_cdrcmple        0x080029c5          Code  Gb  DblCmpGe.o [4]
__aeabi_d2iz            0x08002b3d          Code  Gb  DblToI32.o [4]
__aeabi_d2uiz           0x08002b61          Code  Gb  DblToI32.o [4]
__aeabi_ddiv            0x08002fd9          Code  Gb  DblDiv.o [4]
__aeabi_dmul            0x08002e55          Code  Gb  DblMul.o [4]
__aeabi_dsub            0x08002c87          Code  Gb  DblAddSub.o [4]
__aeabi_i2d             0x08002b99          Code  Gb  I32ToDbl.o [4]
__aeabi_idiv            0x08002da1          Code  Gb  I32DivModFast.o [5]
__aeabi_idiv0           0x080031b9          Code  Gb  IntDivZer.o [5]
__aeabi_idivmod         0x08002da1          Code  Gb  I32DivModFast.o [5]
__aeabi_ldiv0           0x080031b5          Code  Gb  I64DivZer.o [5]
__aeabi_memclr4         0x08003d25          Code  Gb  ABImemset.o [5]
__aeabi_memclr8         0x08003d25          Code  Gb  ABImemset.o [5]
__aeabi_memcpy          0x08002801          Code  Gb  ABImemcpy.o [5]
__aeabi_ui2d            0x08002bad          Code  Gb  I32ToDbl.o [4]
__aeabi_uidiv           0x08002da7          Code  Gb  I32DivModFast.o [5]
__aeabi_uidivmod        0x08002da7          Code  Gb  I32DivModFast.o [5]
__aeabi_uldivmod        0x080028e5          Code  Gb  I64DivMod.o [5]
__as_entries_start      0xffffffff           --   Gb  command line/config [2]
__as_table_start        0xffffffff           --   Gb  command line/config [2]
__cmain                 0x08004c45          Code  Gb  cmain.o [5]
__data_Aldata           0x20000168     0x8  Data  Gb  xxmemxmalloc.o [3]
__data_GetMemChunk      0x08003189    0x2c  Code  Gb  xgetmemchunk.o [3]
__exit                  0x08004acd    0x14  Code  Gb  exit.o [6]
__iar_Dnorm             0x0800294f    0x44  Code  Gb  xdnorm.o [4]
__iar_Dscale            0x08002a21   0x11c  Code  Gb  xdscale.o [4]
__iar_Locale_lconv_init
                        0x0800309d    0x32  Code  Gb  localeconv.o [3]
__iar_Mbcurmax          0x08002727     0xa  Code  Gb  xmbcurmax.o [3]
__iar_Memchr            0x0800270f    0x18  Code  Gb  memchr.o [5]
__iar_Memset4_word      0x08003cf5          Code  Gb  ABImemset.o [5]
__iar_Strchr            0x080026eb    0x14  Code  Gb  strchr.o [5]
__iar_d2uiz             0x08002b65          Code  Gb  DblToI32.o [4]
__iar_data_init3        0x08004bf1    0x28  Code  Gb  data_init.o [5]
__iar_dlib_perthread_access
                        0x080031bb     0x2  Code  Gb  xtls.o [3]
__iar_packbits_init3    0x08004a0b    0xb6  Code  Gb  packbits_init.o [5]
__iar_program_start     0x08004ce9          Code  Gb  cstartup_M.o [5]
__iar_ui2d              0x08002bb1          Code  Gb  I32ToDbl.o [4]
__iar_zero_init3        0x080029f7    0x2a  Code  Gb  zero_init3.o [5]
__low_level_init        0x08004c5f     0x4  Code  Gb  low_level_init.o [3]
__vector_table          0x08000000          Data  Gb  startup_stm32l053xx.o [1]
_call_main              0x08004c51          Code  Gb  cmain.o [5]
_exit                   0x08004c6d          Code  Gb  cexit.o [5]
_main                   0x08004c5b          Code  Gb  cmain.o [5]
abort                   0x08004ac1     0xa  Code  Gb  abort.o [3]
div                     0x08003105    0x20  Code  Gb  div.o [3]
exit                    0x08004c63     0x8  Code  Gb  exit.o [3]
free                    0x0800285d    0x82  Code  Gb  xxmemxfree.o [3]
hspi1                   0x20000110    0x58  Data  Gb  main.o [1]
init_cmds1              0x08004b60    0x3c  Data  Lc  st7735.o [1]
init_cmds2              0x08004c88    0x10  Data  Lc  st7735.o [1]
init_cmds3              0x08004b9c    0x2c  Data  Lc  st7735.o [1]
localeconv              0x080030cf    0x18  Code  Gb  localeconv.o [3]
main                    0x0800462d   0x174  Code  Gb  main.o [1]
malloc                  0x08002731    0xb2  Code  Gb  xxmemxmalloc.o [3]
num1                    0x20000170     0x4  Data  Gb  main.o [1]
num2                    0x20000174     0x4  Data  Gb  main.o [1]
num3                    0x20000178     0x4  Data  Gb  main.o [1]
sprintf                 0x080049b1    0x38  Code  Gb  sprintf.o [3]
strlen                  0x080026ff    0x10  Code  Gb  strlen.o [5]
uwTick                  0x2000017c     0x4  Data  Gb  stm32l0xx_hal.o [1]
uwTickFreq              0x2000010c     0x1  Data  Gb  stm32l0xx_hal.o [1]
uwTickPrio              0x20000104     0x4  Data  Gb  stm32l0xx_hal.o [1]


[1] = D:\XCUBE\TS7735\EWARM\TS7735\Obj
[2] = command line
[3] = dl6M_tlf.a
[4] = m6M_tl.a
[5] = rt6M_tl.a
[6] = shb_l.a

  14 536 bytes of readonly  code memory
   5 236 bytes of readonly  data memory
   1 924 bytes of readwrite data memory

Errors: none
Warnings: none
